SD		NET		1		0
SD		SPNET		1		0
SD		PIN		1		0
SD		LEFPIN		1		0
SD		FILL		1		0
SD		FILLOPC		1		0
SD		VIA		1		0
SD		VIAFILL		1		0
SD		VIAFILLOPC	1		0
SD		LEFOBS		1		0
NAME		SD/NET		1		0
NAME		SD/SPNET	1		0
NAME		SD/PIN		1		0
NAME		SD/LEFPIN	1		0
CONT		PIN		3		0
CONT		LEFPIN		3		0
CONT		FILL		3		0
CONT		FILLOPC		3		0
CONT		VIA		3		0
CONT		VIAFILL		3		0
CONT		VIAFILLOPC	3		0
GATE		NET		4		0
GATE		SPNET		4		0
GATE		PIN		4		0
GATE		LEFPIN		4		0
GATE		FILL		4		0
GATE		FILLOPC		4		0
GATE		VIA		4		0
GATE		VIAFILL		4		0
GATE		VIAFILLOPC	4		0
GATE		LEFOBS		4		0
NAME		GATE/NET	4		0
NAME		GATE/SPNET	4		0
NAME		GATE/PIN	4		0
NAME		GATE/LEFPIN	4		0
VIA1		PIN		6		0
VIA1		LEFPIN		6		0
VIA1		FILL		6		0
VIA1		FILLOPC		6		0
VIA1		VIA		6		0
VIA1		VIAFILL		6		0
VIA1		VIAFILLOPC	6		0
MT1		NET		7		0
MT1		SPNET		7		0
MT1		PIN		7		0
MT1		LEFPIN		7		0
MT1		FILL		7		0
MT1		FILLOPC		7		0
MT1		VIA		7		0
MT1		VIAFILL		7		0
MT1		VIAFILLOPC	7		0
MT1		LEFOBS		7		0
NAME		MT1/NET		7		0
NAME		MT1/SPNET	7		0
NAME		MT1/PIN		7		0
NAME		MT1/LEFPIN	7		0
VIA2		PIN		8		0
VIA2		LEFPIN		8		0
VIA2		FILL		8		0
VIA2		FILLOPC		8		0
VIA2		VIA		8		0
VIA2		VIAFILL		8		0
VIA2		VIAFILLOPC	8		0
MT2		NET		9		0
MT2		SPNET		9		0
MT2		PIN		9		0
MT2		LEFPIN		9		0
MT2		FILL		9		0
MT2		FILLOPC		9		0
MT2		VIA		9		0
MT2		VIAFILL		9		0
MT2		VIAFILLOPC	9		0
MT2		LEFOBS		9		0
NAME		MT2/NET		9		0
NAME		MT2/SPNET	9		0
NAME		MT2/PIN		9		0
NAME		MT2/LEFPIN	9		0
DIEAREA		ALL		0		0
